#
# There is insufficient memory for the Java Runtime Environment to continue.
# Native memory allocation (malloc) failed to allocate 2195672 bytes. Error detail: Chunk::new
# Possible reasons:
#   The system is out of physical RAM or swap space
#   This process is running with CompressedOops enabled, and the Java Heap may be blocking the growth of the native heap
# Possible solutions:
#   Reduce memory load on the system
#   Increase physical memory or swap space
#   Check if swap backing store is full
#   Decrease Java heap size (-Xmx/-Xms)
#   Decrease number of Java threads
#   Decrease Java thread stack sizes (-Xss)
#   Set larger code cache with -XX:ReservedCodeCacheSize=
#   JVM is running with Unscaled Compressed Oops mode in which the Java heap is
#     placed in the first 4GB address space. The Java Heap base address is the
#     maximum limit for the native heap growth. Please use -XX:HeapBaseMinAddress
#     to set the Java Heap base and to place the Java Heap above 4GB virtual address.
# This output file may be truncated or incomplete.
#
#  Out of Memory Error (arena.cpp:186), pid=8308, tid=25804
#
# JRE version: Java(TM) SE Runtime Environment (25.0.1+8) (build 25.0.1+8-LTS-27)
# Java VM: Java HotSpot(TM) 64-Bit Server VM (25.0.1+8-LTS-27, mixed mode, sharing, tiered, compressed oops, compressed class ptrs, g1 gc, windows-amd64)
# No core dump will be written. Minidumps are not enabled by default on client versions of Windows
#

---------------  S U M M A R Y ------------

Command Line: -javaagent:C:\Program Files\JetBrains\IntelliJ IDEA 2025.3.1.1\lib\idea_rt.jar=58269 -Dfile.encoding=UTF-8 -Dsun.stdout.encoding=UTF-8 -Dsun.stderr.encoding=UTF-8 com.akash.auth.AuthAppBackendApplication

Host: AMD Ryzen 5 5500U with Radeon Graphics         , 12 cores, 5G,  Windows 11 , 64 bit Build 26100 (10.0.26100.7623)
Time: Sun Feb  1 11:46:59 2026 India Standard Time elapsed time: 17344.041921 seconds (0d 4h 49m 4s)

---------------  T H R E A D  ---------------

Current thread (0x0000028b73945ef0):  JavaThread "C2 CompilerThread0" daemon [_thread_in_native, id=25804, stack(0x000000dd99b00000,0x000000dd99c00000) (1024K)]


Current CompileTask:
C2:17344042 10908       4       java.math.BigInteger::add (123 bytes)

Stack: [0x000000dd99b00000,0x000000dd99c00000]
Native frames: (J=compiled Java code, j=interpreted, Vv=VM code, C=native code)
V  [jvm.dll+0x7a6b59]  (no source info available)
V  [jvm.dll+0x77290d]  (no source info available)
V  [jvm.dll+0x966153]  (no source info available)
V  [jvm.dll+0x968751]  (no source info available)
V  [jvm.dll+0x968e53]  (no source info available)
V  [jvm.dll+0x2fc756]  (no source info available)
V  [jvm.dll+0x111b26]  (no source info available)
V  [jvm.dll+0x111e4e]  (no source info available)
V  [jvm.dll+0x1a0a22]  (no source info available)
V  [jvm.dll+0x3b53c2]  (no source info available)
V  [jvm.dll+0x7ac4ef]  (no source info available)
V  [jvm.dll+0x2c0ac7]  (no source info available)
V  [jvm.dll+0x2bfa8f]  (no source info available)
V  [jvm.dll+0x237b60]  (no source info available)
V  [jvm.dll+0x2cfb56]  (no source info available)
V  [jvm.dll+0x2cddd5]  (no source info available)
V  [jvm.dll+0x48e6d1]  (no source info available)
V  [jvm.dll+0x906a0d]  (no source info available)
V  [jvm.dll+0x7a5135]  (no source info available)
C  [ucrtbase.dll+0x37b0]  (no source info available)
C  [KERNEL32.DLL+0x2e8d7]  (no source info available)
C  [ntdll.dll+0x8c53c]  (no source info available)

Lock stack of current Java thread (top to bottom):


---------------  P R O C E S S  ---------------

Threads class SMR info:
_java_thread_list=0x0000028b7c3a5970, length=32, elements={
0x0000028b73903d30, 0x0000028b73904790, 0x0000028b7390ba60, 0x0000028b7390f7b0,
0x0000028b7390c750, 0x0000028b739193c0, 0x0000028b73945ef0, 0x0000028b739603e0,
0x0000028b73aef3f0, 0x0000028b78177900, 0x0000028b78131d80, 0x0000028b78c890e0,
0x0000028b7b5d3100, 0x0000028b7c556ee0, 0x0000028b7c554fa0, 0x0000028b7c554000,
0x0000028b7c5595f0, 0x0000028b7c559dc0, 0x0000028b7c55a590, 0x0000028b78c88140,
0x0000028b7b5d2930, 0x0000028b7ced2300, 0x0000028b7ced1360, 0x0000028b7ced2ad0,
0x0000028b7ced3a70, 0x0000028b78642d50, 0x0000028b78644c90, 0x0000028b78641db0,
0x0000028b786415e0, 0x0000028b78645c30, 0x0000028b786473a0, 0x0000028b79dbdab0
}

Java Threads: ( => current thread )
  0x0000028b73903d30 JavaThread "Reference Handler"          daemon [_thread_blocked, id=26244, stack(0x000000dd99500000,0x000000dd99600000) (1024K)]
  0x0000028b73904790 JavaThread "Finalizer"                  daemon [_thread_blocked, id=13092, stack(0x000000dd99600000,0x000000dd99700000) (1024K)]
  0x0000028b7390ba60 JavaThread "Signal Dispatcher"          daemon [_thread_blocked, id=19104, stack(0x000000dd99700000,0x000000dd99800000) (1024K)]
  0x0000028b7390f7b0 JavaThread "Attach Listener"            daemon [_thread_blocked, id=11920, stack(0x000000dd99800000,0x000000dd99900000) (1024K)]
  0x0000028b7390c750 JavaThread "Service Thread"             daemon [_thread_blocked, id=26252, stack(0x000000dd99900000,0x000000dd99a00000) (1024K)]
  0x0000028b739193c0 JavaThread "Monitor Deflation Thread"   daemon [_thread_blocked, id=15320, stack(0x000000dd99a00000,0x000000dd99b00000) (1024K)]
=>0x0000028b73945ef0 JavaThread "C2 CompilerThread0"         daemon [_thread_in_native, id=25804, stack(0x000000dd99b00000,0x000000dd99c00000) (1024K)]
  0x0000028b739603e0 JavaThread "C1 CompilerThread0"         daemon [_thread_blocked, id=24724, stack(0x000000dd99c00000,0x000000dd99d00000) (1024K)]
  0x0000028b73aef3f0 JavaThread "Common-Cleaner"             daemon [_thread_blocked, id=7716, stack(0x000000dd99d00000,0x000000dd99e00000) (1024K)]
  0x0000028b78177900 JavaThread "Monitor Ctrl-Break"         daemon [_thread_in_native, id=20980, stack(0x000000dd99e00000,0x000000dd99f00000) (1024K)]
  0x0000028b78131d80 JavaThread "Notification Thread"        daemon [_thread_blocked, id=7836, stack(0x000000dd99f00000,0x000000dd9a000000) (1024K)]
  0x0000028b78c890e0 JavaThread "mysql-cj-abandoned-connection-cleanup" daemon [_thread_blocked, id=15632, stack(0x000000dd9ad00000,0x000000dd9ae00000) (1024K)]
  0x0000028b7b5d3100 JavaThread "HikariPool-1:housekeeper"   daemon [_thread_blocked, id=24764, stack(0x000000dd9af00000,0x000000dd9b000000) (1024K)]
  0x0000028b7c556ee0 JavaThread "Catalina-utility-1"                [_thread_blocked, id=3704, stack(0x000000dd9a100000,0x000000dd9a200000) (1024K)]
  0x0000028b7c554fa0 JavaThread "Catalina-utility-2"                [_thread_blocked, id=25480, stack(0x000000dd9b100000,0x000000dd9b200000) (1024K)]
  0x0000028b7c554000 JavaThread "container-0"                       [_thread_blocked, id=21536, stack(0x000000dd9b200000,0x000000dd9b300000) (1024K)]
  0x0000028b7c5595f0 JavaThread "http-nio-8082-exec-1"       daemon [_thread_blocked, id=24516, stack(0x000000dd9b300000,0x000000dd9b400000) (1024K)]
  0x0000028b7c559dc0 JavaThread "http-nio-8082-exec-2"       daemon [_thread_blocked, id=11684, stack(0x000000dd9b400000,0x000000dd9b500000) (1024K)]
  0x0000028b7c55a590 JavaThread "http-nio-8082-exec-3"       daemon [_thread_blocked, id=13652, stack(0x000000dd9b500000,0x000000dd9b600000) (1024K)]
  0x0000028b78c88140 JavaThread "http-nio-8082-exec-4"       daemon [_thread_blocked, id=12028, stack(0x000000dd9b600000,0x000000dd9b700000) (1024K)]
  0x0000028b7b5d2930 JavaThread "http-nio-8082-exec-5"       daemon [_thread_blocked, id=26496, stack(0x000000dd9b700000,0x000000dd9b800000) (1024K)]
  0x0000028b7ced2300 JavaThread "http-nio-8082-exec-6"       daemon [_thread_blocked, id=20504, stack(0x000000dd9b800000,0x000000dd9b900000) (1024K)]
  0x0000028b7ced1360 JavaThread "http-nio-8082-exec-7"       daemon [_thread_blocked, id=20500, stack(0x000000dd9b900000,0x000000dd9ba00000) (1024K)]
  0x0000028b7ced2ad0 JavaThread "http-nio-8082-exec-8"       daemon [_thread_blocked, id=17916, stack(0x000000dd9ba00000,0x000000dd9bb00000) (1024K)]
  0x0000028b7ced3a70 JavaThread "http-nio-8082-exec-9"       daemon [_thread_blocked, id=25680, stack(0x000000dd9bb00000,0x000000dd9bc00000) (1024K)]
  0x0000028b78642d50 JavaThread "http-nio-8082-exec-10"      daemon [_thread_blocked, id=8796, stack(0x000000dd9bc00000,0x000000dd9bd00000) (1024K)]
  0x0000028b78644c90 JavaThread "http-nio-8082-Poller"       daemon [_thread_in_native, id=23684, stack(0x000000dd9bd00000,0x000000dd9be00000) (1024K)]
  0x0000028b78641db0 JavaThread "http-nio-8082-Acceptor"     daemon [_thread_in_native, id=26532, stack(0x000000dd9be00000,0x000000dd9bf00000) (1024K)]
  0x0000028b786415e0 JavaThread "DestroyJavaVM"                     [_thread_blocked, id=22232, stack(0x000000dd98d00000,0x000000dd98e00000) (1024K)]
  0x0000028b78645c30 JavaThread "HikariPool-1:connection-closer" daemon [_thread_blocked, id=16056, stack(0x000000dd98a00000,0x000000dd98b00000) (1024K)]
  0x0000028b786473a0 JavaThread "HikariPool-1:connection-adder" daemon [_thread_blocked, id=8424, stack(0x000000dd98b00000,0x000000dd98c00000) (1024K)]
  0x0000028b79dbdab0 JavaThread "C2 CompilerThread1"         daemon [_thread_blocked, id=23360, stack(0x000000dd9a000000,0x000000dd9a100000) (1024K)]
Total: 32

Other Threads:
  0x0000028b738f42e0 VMThread "VM Thread"                           [id=9640, stack(0x000000dd99400000,0x000000dd99500000) (1024K)]
  0x0000028b738e5a00 WatcherThread "VM Periodic Task Thread"        [id=12332, stack(0x000000dd99300000,0x000000dd99400000) (1024K)]
  0x0000028b57136670 WorkerThread "GC Thread#0"                     [id=14504, stack(0x000000dd98e00000,0x000000dd98f00000) (1024K)]
  0x0000028b78da0200 WorkerThread "GC Thread#1"                     [id=20976, stack(0x000000dd9a200000,0x000000dd9a300000) (1024K)]
  0x0000028b78d71ca0 WorkerThread "GC Thread#2"                     [id=25944, stack(0x000000dd9a300000,0x000000dd9a400000) (1024K)]
  0x0000028b78c4b1e0 WorkerThread "GC Thread#3"                     [id=23188, stack(0x000000dd9a400000,0x000000dd9a500000) (1024K)]
  0x0000028b78c4ad90 WorkerThread "GC Thread#4"                     [id=3368, stack(0x000000dd9a500000,0x000000dd9a600000) (1024K)]
  0x0000028b78c4a0a0 WorkerThread "GC Thread#5"                     [id=21732, stack(0x000000dd9a600000,0x000000dd9a700000) (1024K)]
  0x0000028b78c5ebf0 WorkerThread "GC Thread#6"                     [id=15592, stack(0x000000dd9a700000,0x000000dd9a800000) (1024K)]
  0x0000028b78c5d660 WorkerThread "GC Thread#7"                     [id=19156, stack(0x000000dd9a800000,0x000000dd9a900000) (1024K)]
  0x0000028b78c5f040 WorkerThread "GC Thread#8"                     [id=20380, stack(0x000000dd9a900000,0x000000dd9aa00000) (1024K)]
  0x0000028b78c62850 WorkerThread "GC Thread#9"                     [id=17120, stack(0x000000dd9aa00000,0x000000dd9ab00000) (1024K)]
  0x0000028b5714a030 ConcurrentGCThread "G1 Main Marker"            [id=18140, stack(0x000000dd98f00000,0x000000dd99000000) (1024K)]
  0x0000028b5714ba20 WorkerThread "G1 Conc#0"                       [id=22052, stack(0x000000dd99000000,0x000000dd99100000) (1024K)]
  0x0000028b78c62ca0 WorkerThread "G1 Conc#1"                       [id=22696, stack(0x000000dd9ab00000,0x000000dd9ac00000) (1024K)]
  0x0000028b78c61fb0 WorkerThread "G1 Conc#2"                       [id=23300, stack(0x000000dd9ac00000,0x000000dd9ad00000) (1024K)]
  0x0000028b5719ea50 ConcurrentGCThread "G1 Refine#0"               [id=20540, stack(0x000000dd99100000,0x000000dd99200000) (1024K)]
  0x0000028b737b5800 ConcurrentGCThread "G1 Service"                [id=22680, stack(0x000000dd99200000,0x000000dd99300000) (1024K)]
Total: 18

Threads with active compile tasks:
C2 CompilerThread0  17344459 10908       4       java.math.BigInteger::add (123 bytes)
Total: 1

VM state: not at safepoint (normal execution)

VM Mutex/Monitor currently owned by a thread: None

Heap address: 0x00000000a2600000, size: 1498 MB, Compressed Oops mode: 32-bit

CDS archive(s) mapped at: [0x000000000b000000-0x000000000bdd0000-0x000000000bdd0000), size 14483456, SharedBaseAddress: 0x000000000b000000, ArchiveRelocationMode: 1.
Compressed class space mapped at: 0x000000000c000000-0x000000004c000000, reserved size: 1073741824
UseCompressedClassPointers 1, UseCompactObjectHeaders 0
Narrow klass pointer bits 32, Max shift 3
Narrow klass base: 0x000000000b000000, Narrow klass shift: 0
Encoding Range: [0x000000000b000000 - 0x000000010b000000), (4294967296 bytes)
Klass Range:    [0x000000000b010000 - 0x000000004c000000), (1090453504 bytes)
Klass ID Range:  [65536 - 1090519033) (1090453497)
Protection zone: [0x000000000b000000 - 0x000000000b010000), (65536 bytes)

GC Precious Log:
 CardTable entry size: 512
 Card Set container configuration: InlinePtr #cards 5 size 8 Array Of Cards #cards 10 size 36 Howl #buckets 4 coarsen threshold 1843 Howl Bitmap #cards 512 size 80 coarsen threshold 460 Card regions per heap region 1 cards per card region 2048
 CPUs: 12 total, 12 available
 Memory: 5989M
 Large Page Support: Disabled
 NUMA Support: Disabled
 Compressed Oops: Enabled (32-bit)
 Heap Region Size: 1M
 Heap Min Capacity: 8M
 Heap Initial Capacity: 94M
 Heap Max Capacity: 1498M
 Pre-touch: Disabled
 Parallel Workers: 10
 Concurrent Workers: 3
 Concurrent Refinement Workers: 10
 Periodic GC: Disabled

Heap:
 garbage-first heap   total reserved 1533952K, committed 71680K, used 53019K [0x00000000a2600000, 0x0000000100000000)
  region size 1024K, 13 young (13312K), 2 survivors (2048K)

Heap Regions: E=young(eden), S=young(survivor), O=old, HS=humongous(starts), HC=humongous(continues), CS=collection set, F=free, TAMS=top-at-mark-start, PB=parsable bottom
|   0|0x00000000a2600000, 0x00000000a2700000, 0x00000000a2700000|100%|HS|  |TAMS 0x00000000a2600000| PB 0x00000000a2600000| Complete |  0
|   1|0x00000000a2700000, 0x00000000a2800000, 0x00000000a2800000|100%|HS|  |TAMS 0x00000000a2700000| PB 0x00000000a2700000| Complete |  0
|   2|0x00000000a2800000, 0x00000000a2900000, 0x00000000a2900000|100%| O|  |TAMS 0x00000000a2800000| PB 0x00000000a2800000| Untracked |  0
|   3|0x00000000a2900000, 0x00000000a2a00000, 0x00000000a2a00000|100%| O|  |TAMS 0x00000000a2900000| PB 0x00000000a2900000| Untracked |  0
|   4|0x00000000a2a00000, 0x00000000a2b00000, 0x00000000a2b00000|100%| O|  |TAMS 0x00000000a2a00000| PB 0x00000000a2a00000| Untracked |  0
|   5|0x00000000a2b00000, 0x00000000a2c00000, 0x00000000a2c00000|100%| O|  |TAMS 0x00000000a2b00000| PB 0x00000000a2b00000| Untracked |  0
|   6|0x00000000a2c00000, 0x00000000a2d00000, 0x00000000a2d00000|100%| O|  |TAMS 0x00000000a2c00000| PB 0x00000000a2c00000| Untracked |  0
|   7|0x00000000a2d00000, 0x00000000a2e00000, 0x00000000a2e00000|100%| O|  |TAMS 0x00000000a2d00000| PB 0x00000000a2d00000| Untracked |  0
|   8|0x00000000a2e00000, 0x00000000a2f00000, 0x00000000a2f00000|100%| O|  |TAMS 0x00000000a2e00000| PB 0x00000000a2e00000| Untracked |  0
|   9|0x00000000a2f00000, 0x00000000a3000000, 0x00000000a3000000|100%| O|  |TAMS 0x00000000a2f00000| PB 0x00000000a2f00000| Untracked |  0
|  10|0x00000000a3000000, 0x00000000a3100000, 0x00000000a3100000|100%| O|  |TAMS 0x00000000a3000000| PB 0x00000000a3000000| Untracked |  0
|  11|0x00000000a3100000, 0x00000000a3200000, 0x00000000a3200000|100%| O|  |TAMS 0x00000000a3100000| PB 0x00000000a3100000| Untracked |  0
|  12|0x00000000a3200000, 0x00000000a3300000, 0x00000000a3300000|100%| O|  |TAMS 0x00000000a3200000| PB 0x00000000a3200000| Untracked |  0
|  13|0x00000000a3300000, 0x00000000a3400000, 0x00000000a3400000|100%| O|  |TAMS 0x00000000a3300000| PB 0x00000000a3300000| Untracked |  0
|  14|0x00000000a3400000, 0x00000000a3500000, 0x00000000a3500000|100%| O|  |TAMS 0x00000000a3400000| PB 0x00000000a3400000| Untracked |  0
|  15|0x00000000a3500000, 0x00000000a3600000, 0x00000000a3600000|100%| O|  |TAMS 0x00000000a3500000| PB 0x00000000a3500000| Untracked |  0
|  16|0x00000000a3600000, 0x00000000a3700000, 0x00000000a3700000|100%| O|Cm|TAMS 0x00000000a3600000| PB 0x00000000a3600000| Complete |  0
|  17|0x00000000a3700000, 0x00000000a3800000, 0x00000000a3800000|100%| O|  |TAMS 0x00000000a3700000| PB 0x00000000a3700000| Untracked |  0
|  18|0x00000000a3800000, 0x00000000a3900000, 0x00000000a3900000|100%| O|Cm|TAMS 0x00000000a3800000| PB 0x00000000a3800000| Complete |  0
|  19|0x00000000a3900000, 0x00000000a3a00000, 0x00000000a3a00000|100%| O|Cm|TAMS 0x00000000a3900000| PB 0x00000000a3900000| Complete |  0
|  20|0x00000000a3a00000, 0x00000000a3b00000, 0x00000000a3b00000|100%| O|Cm|TAMS 0x00000000a3a00000| PB 0x00000000a3a00000| Complete |  0
|  21|0x00000000a3b00000, 0x00000000a3c00000, 0x00000000a3c00000|100%| O|  |TAMS 0x00000000a3b00000| PB 0x00000000a3b00000| Untracked |  0
|  22|0x00000000a3c00000, 0x00000000a3d00000, 0x00000000a3d00000|100%| O|Cm|TAMS 0x00000000a3c00000| PB 0x00000000a3c00000| Complete |  0
|  23|0x00000000a3d00000, 0x00000000a3e00000, 0x00000000a3e00000|100%| O|Cm|TAMS 0x00000000a3d00000| PB 0x00000000a3d00000| Complete |  0
|  24|0x00000000a3e00000, 0x00000000a3f00000, 0x00000000a3f00000|100%| O|  |TAMS 0x00000000a3e00000| PB 0x00000000a3e00000| Untracked |  0
|  25|0x00000000a3f00000, 0x00000000a4000000, 0x00000000a4000000|100%| O|  |TAMS 0x00000000a3f00000| PB 0x00000000a3f00000| Untracked |  0
|  26|0x00000000a4000000, 0x00000000a4100000, 0x00000000a4100000|100%| O|  |TAMS 0x00000000a4000000| PB 0x00000000a4000000| Untracked |  0
|  27|0x00000000a4100000, 0x00000000a4200000, 0x00000000a4200000|100%| O|  |TAMS 0x00000000a4100000| PB 0x00000000a4100000| Untracked |  0
|  28|0x00000000a4200000, 0x00000000a4300000, 0x00000000a4300000|100%| O|  |TAMS 0x00000000a4200000| PB 0x00000000a4200000| Untracked |  0
|  29|0x00000000a4300000, 0x00000000a4400000, 0x00000000a4400000|100%| O|  |TAMS 0x00000000a4300000| PB 0x00000000a4300000| Untracked |  0
|  30|0x00000000a4400000, 0x00000000a4500000, 0x00000000a4500000|100%| O|Cm|TAMS 0x00000000a4400000| PB 0x00000000a4400000| Complete |  0
|  31|0x00000000a4500000, 0x00000000a4600000, 0x00000000a4600000|100%| O|Cm|TAMS 0x00000000a4500000| PB 0x00000000a4500000| Complete |  0
|  32|0x00000000a4600000, 0x00000000a4700000, 0x00000000a4700000|100%| O|Cm|TAMS 0x00000000a4600000| PB 0x00000000a4600000| Complete |  0
|  33|0x00000000a4700000, 0x00000000a4800000, 0x00000000a4800000|100%| O|  |TAMS 0x00000000a4700000| PB 0x00000000a4700000| Untracked |  0
|  34|0x00000000a4800000, 0x00000000a4900000, 0x00000000a4900000|100%| O|Cm|TAMS 0x00000000a4800000| PB 0x00000000a4800000| Complete |  0
|  35|0x00000000a4900000, 0x00000000a4a00000, 0x00000000a4a00000|100%| O|Cm|TAMS 0x00000000a4900000| PB 0x00000000a4900000| Complete |  0
|  36|0x00000000a4a00000, 0x00000000a4b00000, 0x00000000a4b00000|100%| O|Cm|TAMS 0x00000000a4a00000| PB 0x00000000a4a00000| Complete |  0
|  37|0x00000000a4b00000, 0x00000000a4c00000, 0x00000000a4c00000|100%| O|  |TAMS 0x00000000a4b00000| PB 0x00000000a4b00000| Untracked |  0
|  38|0x00000000a4c00000, 0x00000000a4c00000, 0x00000000a4d00000|  0%| F|  |TAMS 0x00000000a4c00000| PB 0x00000000a4c00000| Untracked |  0
|  39|0x00000000a4d00000, 0x00000000a4d00000, 0x00000000a4e00000|  0%| F|  |TAMS 0x00000000a4d00000| PB 0x00000000a4d00000| Untracked |  0
|  40|0x00000000a4e00000, 0x00000000a4e00000, 0x00000000a4f00000|  0%| F|  |TAMS 0x00000000a4e00000| PB 0x00000000a4e00000| Untracked |  0
|  41|0x00000000a4f00000, 0x00000000a4f55c50, 0x00000000a5000000| 33%| O|  |TAMS 0x00000000a4f00000| PB 0x00000000a4f00000| Untracked |  0
|  42|0x00000000a5000000, 0x00000000a5000000, 0x00000000a5100000|  0%| F|  |TAMS 0x00000000a5000000| PB 0x00000000a5000000| Untracked |  0
|  43|0x00000000a5100000, 0x00000000a5100000, 0x00000000a5200000|  0%| F|  |TAMS 0x00000000a5100000| PB 0x00000000a5100000| Untracked |  0
|  44|0x00000000a5200000, 0x00000000a5200000, 0x00000000a5300000|  0%| F|  |TAMS 0x00000000a5200000| PB 0x00000000a5200000| Untracked |  0
|  45|0x00000000a5300000, 0x00000000a5371050, 0x00000000a5400000| 44%| S|CS|TAMS 0x00000000a5300000| PB 0x00000000a5300000| Complete |  0
|  46|0x00000000a5400000, 0x00000000a5500000, 0x00000000a5500000|100%| S|CS|TAMS 0x00000000a5400000| PB 0x00000000a5400000| Complete |  0
|  47|0x00000000a5500000, 0x00000000a5500000, 0x00000000a5600000|  0%| F|  |TAMS 0x00000000a5500000| PB 0x00000000a5500000| Untracked |  0
|  48|0x00000000a5600000, 0x00000000a5600000, 0x00000000a5700000|  0%| F|  |TAMS 0x00000000a5600000| PB 0x00000000a5600000| Untracked |  0
|  49|0x00000000a5700000, 0x00000000a5700000, 0x00000000a5800000|  0%| F|  |TAMS 0x00000000a5700000| PB 0x00000000a5700000| Untracked |  0
|  50|0x00000000a5800000, 0x00000000a5800000, 0x00000000a5900000|  0%| F|  |TAMS 0x00000000a5800000| PB 0x00000000a5800000| Untracked |  0
|  51|0x00000000a5900000, 0x00000000a5900000, 0x00000000a5a00000|  0%| F|  |TAMS 0x00000000a5900000| PB 0x00000000a5900000| Untracked |  0
|  52|0x00000000a5a00000, 0x00000000a5a00000, 0x00000000a5b00000|  0%| F|  |TAMS 0x00000000a5a00000| PB 0x00000000a5a00000| Untracked |  0
|  53|0x00000000a5b00000, 0x00000000a5b00000, 0x00000000a5c00000|  0%| F|  |TAMS 0x00000000a5b00000| PB 0x00000000a5b00000| Untracked |  0
|  54|0x00000000a5c00000, 0x00000000a5c00000, 0x00000000a5d00000|  0%| F|  |TAMS 0x00000000a5c00000| PB 0x00000000a5c00000| Untracked |  0
|  55|0x00000000a5d00000, 0x00000000a5d00000, 0x00000000a5e00000|  0%| F|  |TAMS 0x00000000a5d00000| PB 0x00000000a5d00000| Untracked |  0
|  56|0x00000000a5e00000, 0x00000000a5eaec28, 0x00000000a5f00000| 68%| E|  |TAMS 0x00000000a5e00000| PB 0x00000000a5e00000| Complete |  0
|  57|0x00000000a5f00000, 0x00000000a6000000, 0x00000000a6000000|100%| E|CS|TAMS 0x00000000a5f00000| PB 0x00000000a5f00000| Complete |  0
|  58|0x00000000a6000000, 0x00000000a6100000, 0x00000000a6100000|100%| E|CS|TAMS 0x00000000a6000000| PB 0x00000000a6000000| Complete |  0
|  59|0x00000000a6100000, 0x00000000a6200000, 0x00000000a6200000|100%| E|CS|TAMS 0x00000000a6100000| PB 0x00000000a6100000| Complete |  0
|  60|0x00000000a6200000, 0x00000000a6300000, 0x00000000a6300000|100%| E|CS|TAMS 0x00000000a6200000| PB 0x00000000a6200000| Complete |  0
|  61|0x00000000a6300000, 0x00000000a6400000, 0x00000000a6400000|100%| E|CS|TAMS 0x00000000a6300000| PB 0x00000000a6300000| Complete |  0
|  62|0x00000000a6400000, 0x00000000a6500000, 0x00000000a6500000|100%| E|CS|TAMS 0x00000000a6400000| PB 0x00000000a6400000| Complete |  0
|  63|0x00000000a6500000, 0x00000000a6600000, 0x00000000a6600000|100%| E|CS|TAMS 0x00000000a6500000| PB 0x00000000a6500000| Complete |  0
|  64|0x00000000a6600000, 0x00000000a6700000, 0x00000000a6700000|100%| E|CS|TAMS 0x00000000a6600000| PB 0x00000000a6600000| Complete |  0
|  93|0x00000000a8300000, 0x00000000a8400000, 0x00000000a8400000|100%| E|  |TAMS 0x00000000a8300000| PB 0x00000000a8300000| Complete |  0
|1494|0x00000000ffc00000, 0x00000000ffd00000, 0x00000000ffd00000|100%| O|Cm|TAMS 0x00000000ffc00000| PB 0x00000000ffc00000| Complete |  0
|1495|0x00000000ffd00000, 0x00000000ffe00000, 0x00000000ffe00000|100%| O|  |TAMS 0x00000000ffd00000| PB 0x00000000ffd00000| Untracked |  0
|1496|0x00000000ffe00000, 0x00000000fff00000, 0x00000000fff00000|100%| O|  |TAMS 0x00000000ffe00000| PB 0x00000000ffe00000| Untracked |  0
|1497|0x00000000fff00000, 0x0000000100000000, 0x0000000100000000|100%| E|CS|TAMS 0x00000000fff00000| PB 0x00000000fff00000| Complete |  0

Card table byte_map: [0x0000028b6f2b0000,0x0000028b6f5a0000] _byte_map_base: 0x0000028b6ed9d000

Marking Bits: (CMBitMap*) 0x0000028b57136e00
 Bits: [0x0000028b6f5a0000, 0x0000028b70d08000)

Polling page: 0x0000028b55050000

Metaspace:
Metaspace        used 86750K, committed 87424K, reserved 1179648K
 class space     used 9254K, committed 9600K, reserved 1048576K

Usage:
  Non-class:     75.68 MB used.
      Class:      9.04 MB used.
       Both:     84.72 MB used.

Virtual space:
  Non-class space:      128.00 MB reserved,      76.00 MB ( 59%) committed,  2 nodes.
      Class space:        1.00 GB reserved,       9.38 MB ( <1%) committed,  1 nodes.
             Both:        1.12 GB reserved,      85.38 MB (  7%) committed. 

Chunk freelists:
   Non-Class:  3.67 MB
       Class:  6.65 MB
        Both:  10.32 MB

MaxMetaspaceSize: unlimited
CompressedClassSpaceSize: 1.00 GB
Initial GC threshold: 21.00 MB
Current GC threshold: 141.50 MB
CDS: on
 - commit_granule_bytes: 65536.
 - commit_granule_words: 8192.
 - virtual_space_node_default_size: 8388608.
 - enlarge_chunks_in_place: 1.
UseCompressedClassPointers 1, UseCompactObjectHeaders 0
Narrow klass pointer bits 32, Max shift 3
Narrow klass base: 0x000000000b000000, Narrow klass shift: 0
Encoding Range: [0x000000000b000000 - 0x000000010b000000), (4294967296 bytes)
Klass Range:    [0x000000000b010000 - 0x000000004c000000), (1090453504 bytes)
Klass ID Range:  [65536 - 1090519033) (1090453497)
Protection zone: [0x000000000b000000 - 0x000000000b010000), (65536 bytes)


Internal statistics:

num_allocs_failed_limit: 9.
num_arena_births: 906.
num_arena_deaths: 246.
num_vsnodes_births: 3.
num_vsnodes_deaths: 0.
num_space_committed: 1366.
num_space_uncommitted: 0.
num_chunks_returned_to_freelist: 259.
num_chunks_taken_from_freelist: 3998.
num_chunk_merges: 63.
num_chunk_splits: 2895.
num_chunks_enlarged: 2407.
num_inconsistent_stats: 0.

CodeHeap 'non-profiled nmethods': size=120064Kb used=4029Kb max_used=4029Kb free=116034Kb
 bounds [0x0000028b67420000, 0x0000028b67810000, 0x0000028b6e960000]
CodeHeap 'profiled nmethods': size=120000Kb used=13895Kb max_used=13895Kb free=106104Kb
 bounds [0x0000028b5f960000, 0x0000028b60700000, 0x0000028b66e90000]
CodeHeap 'non-nmethods': size=5696Kb used=1702Kb max_used=1792Kb free=3993Kb
 bounds [0x0000028b66e90000, 0x0000028b67100000, 0x0000028b67420000]
CodeCache: size=245760Kb, used=19626Kb, max_used=19716Kb, free=226131Kb
 total_blobs=10249, nmethods=9439, adapters=711, full_count=0
Compilation: enabled, stopped_count=0, restarted_count=0

Compilation events (20 events):
Event: 17342.768 Thread 0x0000028b73945ef0 10903       4       java.math.MutableBigInteger::unsignedLongCompare (20 bytes)
Event: 17342.769 Thread 0x0000028b73945ef0 nmethod 10903 0x0000028b6780e088 code [0x0000028b6780e180, 0x0000028b6780e200]
Event: 17342.769 Thread 0x0000028b739603e0 10904       3       com.mysql.cj.protocol.a.NativeServerSession::supportsQueryAttributes (19 bytes)
Event: 17342.771 Thread 0x0000028b739603e0 nmethod 10904 0x0000028b606e8408 code [0x0000028b606e8500, 0x0000028b606e8668]
Event: 17342.771 Thread 0x0000028b739603e0 10905       3       com.mysql.cj.protocol.a.NativeMessageBuilder::<init> (15 bytes)
Event: 17342.772 Thread 0x0000028b739603e0 nmethod 10905 0x0000028b606e8708 code [0x0000028b606e8800, 0x0000028b606e8970]
Event: 17342.828 Thread 0x0000028b73945ef0 10906       4       java.lang.invoke.VarHandleReferences$FieldInstanceReadWrite::compareAndSet (48 bytes)
Event: 17342.840 Thread 0x0000028b739603e0 10907       3       java.security.KeyPairGeneratorSpi::<init> (5 bytes)
Event: 17342.841 Thread 0x0000028b739603e0 nmethod 10907 0x0000028b606e8a08 code [0x0000028b606e8b00, 0x0000028b606e8c60]
Event: 17342.843 Thread 0x0000028b73945ef0 nmethod 10906 0x0000028b6780e388 code [0x0000028b6780e480, 0x0000028b6780e9c8]
Event: 17342.843 Thread 0x0000028b73945ef0 10908       4       java.math.BigInteger::add (123 bytes)
Event: 17342.946 Thread 0x0000028b739603e0 10910       3       com.sun.crypto.provider.CipherCore::getKeyBytes (65 bytes)
Event: 17342.954 Thread 0x0000028b739603e0 nmethod 10910 0x0000028b606e8d08 code [0x0000028b606e8e00, 0x0000028b606e9460]
Event: 17343.136 Thread 0x0000028b739603e0 10912       3       com.mysql.cj.jdbc.result.ResultSetFactory::<init> (61 bytes)
Event: 17343.155 Thread 0x0000028b739603e0 nmethod 10912 0x0000028b606e9488 code [0x0000028b606e9580, 0x0000028b606e9b70]
Event: 17343.155 Thread 0x0000028b739603e0 10913       3       com.sun.crypto.provider.AESCrypt::isKeySizeValid (35 bytes)
Event: 17343.155 Thread 0x0000028b739603e0 nmethod 10913 0x0000028b606e9b88 code [0x0000028b606e9c80, 0x0000028b606e9e78]
Event: 17343.160 Thread 0x0000028b739603e0 10914       3       com.mysql.cj.protocol.ResultsetRows::close (1 bytes)
Event: 17343.161 Thread 0x0000028b739603e0 nmethod 10914 0x0000028b606e9e88 code [0x0000028b606e9f80, 0x0000028b606ea088]
Event: 17343.162 Thread 0x0000028b739603e0 10915       3       com.mysql.cj.util.StringUtils::indexOfIgnoreCase (137 bytes)

GC Heap Usage History (20 events):
Event: 8.067 {heap Before GC invocations=10 (full 0):
 garbage-first heap   total reserved 1533952K, committed 55296K, used 47727K [0x00000000a2600000, 0x0000000100000000)
  region size 1024K, 23 young (23552K), 3 survivors (3072K)
}
Event: 8.073 {heap After GC invocations=11 (full 0):
 garbage-first heap   total reserved 1533952K, committed 55296K, used 29092K [0x00000000a2600000, 0x0000000100000000)
  region size 1024K, 2 young (2048K), 2 survivors (2048K)
}
Event: 8.448 {heap Before GC invocations=11 (full 0):
 garbage-first heap   total reserved 1533952K, committed 55296K, used 39332K [0x00000000a2600000, 0x0000000100000000)
  region size 1024K, 14 young (14336K), 2 survivors (2048K)
}
Event: 8.452 {heap After GC invocations=12 (full 0):
 garbage-first heap   total reserved 1533952K, committed 66560K, used 29511K [0x00000000a2600000, 0x0000000100000000)
  region size 1024K, 2 young (2048K), 2 survivors (2048K)
}
Event: 9.166 {heap Before GC invocations=13 (full 0):
 garbage-first heap   total reserved 1533952K, committed 66560K, used 58183K [0x00000000a2600000, 0x0000000100000000)
  region size 1024K, 30 young (30720K), 2 survivors (2048K)
}
Event: 9.172 {heap After GC invocations=14 (full 0):
 garbage-first heap   total reserved 1533952K, committed 66560K, used 30907K [0x00000000a2600000, 0x0000000100000000)
  region size 1024K, 4 young (4096K), 4 survivors (4096K)
}
Event: 9.765 {heap Before GC invocations=14 (full 0):
 garbage-first heap   total reserved 1533952K, committed 66560K, used 57531K [0x00000000a2600000, 0x0000000100000000)
  region size 1024K, 31 young (31744K), 4 survivors (4096K)
}
Event: 9.770 {heap After GC invocations=15 (full 0):
 garbage-first heap   total reserved 1533952K, committed 66560K, used 32532K [0x00000000a2600000, 0x0000000100000000)
  region size 1024K, 4 young (4096K), 4 survivors (4096K)
}
Event: 10.536 {heap Before GC invocations=15 (full 0):
 garbage-first heap   total reserved 1533952K, committed 66560K, used 60180K [0x00000000a2600000, 0x0000000100000000)
  region size 1024K, 31 young (31744K), 4 survivors (4096K)
}
Event: 10.542 {heap After GC invocations=16 (full 0):
 garbage-first heap   total reserved 1533952K, committed 67584K, used 34759K [0x00000000a2600000, 0x0000000100000000)
  region size 1024K, 4 young (4096K), 4 survivors (4096K)
}
Event: 11.095 {heap Before GC invocations=16 (full 0):
 garbage-first heap   total reserved 1533952K, committed 67584K, used 60359K [0x00000000a2600000, 0x0000000100000000)
  region size 1024K, 29 young (29696K), 4 survivors (4096K)
}
Event: 11.100 {heap After GC invocations=17 (full 0):
 garbage-first heap   total reserved 1533952K, committed 68608K, used 37394K [0x00000000a2600000, 0x0000000100000000)
  region size 1024K, 3 young (3072K), 3 survivors (3072K)
}
Event: 11.579 {heap Before GC invocations=18 (full 0):
 garbage-first heap   total reserved 1533952K, committed 68608K, used 60946K [0x00000000a2600000, 0x0000000100000000)
  region size 1024K, 26 young (26624K), 3 survivors (3072K)
}
Event: 11.583 {heap After GC invocations=19 (full 0):
 garbage-first heap   total reserved 1533952K, committed 68608K, used 39304K [0x00000000a2600000, 0x0000000100000000)
  region size 1024K, 3 young (3072K), 3 survivors (3072K)
}
Event: 27.033 {heap Before GC invocations=19 (full 0):
 garbage-first heap   total reserved 1533952K, committed 68608K, used 59784K [0x00000000a2600000, 0x0000000100000000)
  region size 1024K, 24 young (24576K), 3 survivors (3072K)
}
Event: 27.044 {heap After GC invocations=20 (full 0):
 garbage-first heap   total reserved 1533952K, committed 68608K, used 40263K [0x00000000a2600000, 0x0000000100000000)
  region size 1024K, 2 young (2048K), 2 survivors (2048K)
}
Event: 2353.568 {heap Before GC invocations=20 (full 0):
 garbage-first heap   total reserved 1533952K, committed 68608K, used 60743K [0x00000000a2600000, 0x0000000100000000)
  region size 1024K, 23 young (23552K), 2 survivors (2048K)
}
Event: 2353.760 {heap After GC invocations=21 (full 0):
 garbage-first heap   total reserved 1533952K, committed 68608K, used 42333K [0x00000000a2600000, 0x0000000100000000)
  region size 1024K, 3 young (3072K), 3 survivors (3072K)
}
Event: 5459.445 {heap Before GC invocations=22 (full 0):
 garbage-first heap   total reserved 1533952K, committed 71680K, used 62813K [0x00000000a2600000, 0x0000000100000000)
  region size 1024K, 23 young (23552K), 3 survivors (3072K)
}
Event: 5459.563 {heap After GC invocations=23 (full 0):
 garbage-first heap   total reserved 1533952K, committed 71680K, used 43803K [0x00000000a2600000, 0x0000000100000000)
  region size 1024K, 2 young (2048K), 2 survivors (2048K)
}

Metaspace Usage History (20 events):
Event: 8.067 {metaspace Before GC invocations=10 (full 0):
 Metaspace       used 54930K, committed 55360K, reserved 1114112K
  class space    used 5588K, committed 5760K, reserved 1048576K
}
Event: 8.073 {metaspace After GC invocations=11 (full 0):
 Metaspace       used 54930K, committed 55360K, reserved 1114112K
  class space    used 5588K, committed 5760K, reserved 1048576K
}
Event: 8.448 {metaspace Before GC invocations=11 (full 0):
 Metaspace       used 60046K, committed 60416K, reserved 1114112K
  class space    used 6155K, committed 6336K, reserved 1048576K
}
Event: 8.452 {metaspace After GC invocations=12 (full 0):
 Metaspace       used 60046K, committed 60416K, reserved 1114112K
  class space    used 6155K, committed 6336K, reserved 1048576K
}
Event: 9.166 {metaspace Before GC invocations=13 (full 0):
 Metaspace       used 65881K, committed 66368K, reserved 1114112K
  class space    used 6828K, committed 7040K, reserved 1048576K
}
Event: 9.172 {metaspace After GC invocations=14 (full 0):
 Metaspace       used 65881K, committed 66368K, reserved 1114112K
  class space    used 6828K, committed 7040K, reserved 1048576K
}
Event: 9.765 {metaspace Before GC invocations=14 (full 0):
 Metaspace       used 69457K, committed 70016K, reserved 1114112K
  class space    used 7246K, committed 7488K, reserved 1048576K
}
Event: 9.770 {metaspace After GC invocations=15 (full 0):
 Metaspace       used 69457K, committed 70016K, reserved 1114112K
  class space    used 7246K, committed 7488K, reserved 1048576K
}
Event: 10.536 {metaspace Before GC invocations=15 (full 0):
 Metaspace       used 72965K, committed 73536K, reserved 1179648K
  class space    used 7698K, committed 7936K, reserved 1048576K
}
Event: 10.542 {metaspace After GC invocations=16 (full 0):
 Metaspace       used 72965K, committed 73536K, reserved 1179648K
  class space    used 7698K, committed 7936K, reserved 1048576K
}
Event: 11.095 {metaspace Before GC invocations=16 (full 0):
 Metaspace       used 75279K, committed 75840K, reserved 1179648K
  class space    used 7975K, committed 8192K, reserved 1048576K
}
Event: 11.100 {metaspace After GC invocations=17 (full 0):
 Metaspace       used 75279K, committed 75840K, reserved 1179648K
  class space    used 7975K, committed 8192K, reserved 1048576K
}
Event: 11.579 {metaspace Before GC invocations=18 (full 0):
 Metaspace       used 77322K, committed 77888K, reserved 1179648K
  class space    used 8241K, committed 8448K, reserved 1048576K
}
Event: 11.583 {metaspace After GC invocations=19 (full 0):
 Metaspace       used 77322K, committed 77888K, reserved 1179648K
  class space    used 8241K, committed 8448K, reserved 1048576K
}
Event: 27.033 {metaspace Before GC invocations=19 (full 0):
 Metaspace       used 82761K, committed 83392K, reserved 1179648K
  class space    used 8937K, committed 9216K, reserved 1048576K
}
Event: 27.044 {metaspace After GC invocations=20 (full 0):
 Metaspace       used 82761K, committed 83392K, reserved 1179648K
  class space    used 8937K, committed 9216K, reserved 1048576K
}
Event: 2353.569 {metaspace Before GC invocations=20 (full 0):
 Metaspace       used 86192K, committed 86848K, reserved 1179648K
  class space    used 9308K, committed 9600K, reserved 1048576K
}
Event: 2353.760 {metaspace After GC invocations=21 (full 0):
 Metaspace       used 86192K, committed 86848K, reserved 1179648K
  class space    used 9308K, committed 9600K, reserved 1048576K
}
Event: 5459.446 {metaspace Before GC invocations=22 (full 0):
 Metaspace       used 86629K, committed 87296K, reserved 1179648K
  class space    used 9254K, committed 9600K, reserved 1048576K
}
Event: 5459.563 {metaspace After GC invocations=23 (full 0):
 Metaspace       used 86629K, committed 87296K, reserved 1179648K
  class space    used 9254K, committed 9600K, reserved 1048576K
}

Dll operation events (11 events):
Event: 0.049 Loaded shared library C:\Program Files\Java\jdk-25\bin\java.dll
Event: 0.410 Loaded shared library C:\Program Files\Java\jdk-25\bin\zip.dll
Event: 0.415 Loaded shared library C:\Program Files\Java\jdk-25\bin\instrument.dll
Event: 0.423 Loaded shared library C:\Program Files\Java\jdk-25\bin\net.dll
Event: 0.426 Loaded shared library C:\Program Files\Java\jdk-25\bin\nio.dll
Event: 0.432 Loaded shared library C:\Program Files\Java\jdk-25\bin\zip.dll
Event: 0.819 Loaded shared library C:\Program Files\Java\jdk-25\bin\extnet.dll
Event: 0.894 Loaded shared library C:\Program Files\Java\jdk-25\bin\jimage.dll
Event: 3.027 Loaded shared library C:\Program Files\Java\jdk-25\bin\sunmscapi.dll
Event: 5.508 Loaded shared library C:\Program Files\Java\jdk-25\bin\management.dll
Event: 5.513 Loaded shared library C:\Program Files\Java\jdk-25\bin\management_ext.dll

Deoptimization events (20 events):
Event: 4630.544 Thread 0x0000028b7c554fa0 DEOPT PACKING pc=0x0000028b67702074 sp=0x000000dd9b1feec0
Event: 4630.546 Thread 0x0000028b7c554fa0 DEOPT UNPACKING pc=0x0000028b66fae982 sp=0x000000dd9b1fedc8 mode 2
Event: 4952.895 Thread 0x0000028b78645c30 DEOPT PACKING pc=0x0000028b5fba20e6 sp=0x000000dd98bfddb0
Event: 4952.896 Thread 0x0000028b78645c30 DEOPT UNPACKING pc=0x0000028b66ee1702 sp=0x000000dd98bfd208 mode 0
Event: 5388.552 Thread 0x0000028b7c554fa0 Uncommon trap: trap_request=0xffffffbe fr.pc=0x0000028b677eafdc relative=0x000000000000035c
Event: 5388.553 Thread 0x0000028b7c554fa0 Uncommon trap: reason=profile_predicate action=maybe_recompile pc=0x0000028b677eafdc method=java.util.concurrent.ConcurrentHashMap$Traverser.advance()Ljava/util/concurrent/ConcurrentHashMap$Node; @ 15 c2
Event: 5388.556 Thread 0x0000028b7c554fa0 DEOPT PACKING pc=0x0000028b677eafdc sp=0x000000dd9b1fef30
Event: 5388.558 Thread 0x0000028b7c554fa0 DEOPT UNPACKING pc=0x0000028b66fae982 sp=0x000000dd9b1fec88 mode 2
Event: 5389.546 Thread 0x0000028b7c554fa0 Uncommon trap: trap_request=0xffffffbe fr.pc=0x0000028b677eafdc relative=0x000000000000035c
Event: 5389.546 Thread 0x0000028b7c554fa0 Uncommon trap: reason=profile_predicate action=maybe_recompile pc=0x0000028b677eafdc method=java.util.concurrent.ConcurrentHashMap$Traverser.advance()Ljava/util/concurrent/ConcurrentHashMap$Node; @ 15 c2
Event: 5389.546 Thread 0x0000028b7c554fa0 DEOPT PACKING pc=0x0000028b677eafdc sp=0x000000dd9b1fef30
Event: 5389.546 Thread 0x0000028b7c554fa0 DEOPT UNPACKING pc=0x0000028b66fae982 sp=0x000000dd9b1fec88 mode 2
Event: 5390.548 Thread 0x0000028b7c556ee0 Uncommon trap: trap_request=0xffffffbe fr.pc=0x0000028b677eafdc relative=0x000000000000035c
Event: 5390.548 Thread 0x0000028b7c556ee0 Uncommon trap: reason=profile_predicate action=maybe_recompile pc=0x0000028b677eafdc method=java.util.concurrent.ConcurrentHashMap$Traverser.advance()Ljava/util/concurrent/ConcurrentHashMap$Node; @ 15 c2
Event: 5390.549 Thread 0x0000028b7c556ee0 DEOPT PACKING pc=0x0000028b677eafdc sp=0x000000dd9a1ff4d0
Event: 5390.549 Thread 0x0000028b7c556ee0 DEOPT UNPACKING pc=0x0000028b66fae982 sp=0x000000dd9a1ff228 mode 2
Event: 5391.540 Thread 0x0000028b7c556ee0 Uncommon trap: trap_request=0xffffffbe fr.pc=0x0000028b677eafdc relative=0x000000000000035c
Event: 5391.540 Thread 0x0000028b7c556ee0 Uncommon trap: reason=profile_predicate action=maybe_recompile pc=0x0000028b677eafdc method=java.util.concurrent.ConcurrentHashMap$Traverser.advance()Ljava/util/concurrent/ConcurrentHashMap$Node; @ 15 c2
Event: 5391.540 Thread 0x0000028b7c556ee0 DEOPT PACKING pc=0x0000028b677eafdc sp=0x000000dd9a1ff4d0
Event: 5391.540 Thread 0x0000028b7c556ee0 DEOPT UNPACKING pc=0x0000028b66fae982 sp=0x000000dd9a1ff228 mode 2

Classes loaded (20 events):
Event: 1374.240 Loading class sun/security/ssl/Alert
Event: 1374.358 Loading class sun/security/ssl/Alert done
Event: 1374.381 Loading class sun/security/ssl/Alert$AlertConsumer
Event: 1374.426 Loading class sun/security/ssl/Alert$AlertConsumer done
Event: 1374.427 Loading class sun/security/ssl/Alert$Level
Event: 1374.433 Loading class sun/security/ssl/Alert$Level done
Event: 1374.480 Loading class sun/net/ConnectionResetException
Event: 1374.483 Loading class sun/net/ConnectionResetException done
Event: 1387.779 Loading class sun/util/resources/LocaleData$CommonResourceBundleProvider
Event: 1387.784 Loading class sun/util/resources/LocaleData$LocaleDataResourceBundleProvider
Event: 1387.788 Loading class java/util/spi/ResourceBundleProvider
Event: 1387.793 Loading class java/util/spi/ResourceBundleProvider done
Event: 1387.793 Loading class sun/util/resources/LocaleData$LocaleDataResourceBundleProvider done
Event: 1387.793 Loading class sun/util/resources/LocaleData$CommonResourceBundleProvider done
Event: 1387.805 Loading class java/util/ArrayList$SubList$1
Event: 1387.816 Loading class java/util/ArrayList$SubList$1 done
Event: 2582.506 Loading class java/time/OffsetDateTime$1
Event: 2582.513 Loading class java/time/OffsetDateTime$1 done
Event: 2900.110 Loading class java/util/concurrent/locks/AbstractQueuedLongSynchronizer$Node
Event: 2900.136 Loading class java/util/concurrent/locks/AbstractQueuedLongSynchronizer$Node done

Classes unloaded (20 events):
Event: 2354.225 Thread 0x0000028b738f42e0 Unloading class 0x000000000c2fc000 'java/lang/invoke/LambdaForm$MH+0x000000000c2fc000'
Event: 2354.225 Thread 0x0000028b738f42e0 Unloading class 0x000000000c2e9000 'java/lang/invoke/LambdaForm$MH+0x000000000c2e9000'
Event: 2354.225 Thread 0x0000028b738f42e0 Unloading class 0x000000000c2e8c00 'java/lang/invoke/LambdaForm$MH+0x000000000c2e8c00'
Event: 2354.225 Thread 0x0000028b738f42e0 Unloading class 0x000000000c2e8800 'java/lang/invoke/LambdaForm$MH+0x000000000c2e8800'
Event: 2354.226 Thread 0x0000028b738f42e0 Unloading class 0x000000000c29c400 'java/lang/invoke/LambdaForm$DMH+0x000000000c29c400'
Event: 2354.227 Thread 0x0000028b738f42e0 Unloading class 0x000000000c29c000 'java/lang/invoke/LambdaForm$DMH+0x000000000c29c000'
Event: 2354.227 Thread 0x0000028b738f42e0 Unloading class 0x000000000c268c00 'java/lang/invoke/LambdaForm$MH+0x000000000c268c00'
Event: 2354.227 Thread 0x0000028b738f42e0 Unloading class 0x000000000c238400 'java/lang/invoke/LambdaForm$DMH+0x000000000c238400'
Event: 2354.228 Thread 0x0000028b738f42e0 Unloading class 0x000000000c1c0000 'java/lang/invoke/LambdaForm$MH+0x000000000c1c0000'
Event: 2354.228 Thread 0x0000028b738f42e0 Unloading class 0x000000000c0d1800 'java/lang/invoke/LambdaForm$MH+0x000000000c0d1800'
Event: 2354.228 Thread 0x0000028b738f42e0 Unloading class 0x000000000c0d1400 'java/lang/invoke/LambdaForm$MH+0x000000000c0d1400'
Event: 2354.228 Thread 0x0000028b738f42e0 Unloading class 0x000000000c0a8400 'java/lang/invoke/LambdaForm$MH+0x000000000c0a8400'
Event: 2354.228 Thread 0x0000028b738f42e0 Unloading class 0x000000000c0a8000 'java/lang/invoke/LambdaForm$MH+0x000000000c0a8000'
Event: 2354.229 Thread 0x0000028b738f42e0 Unloading class 0x000000000c094000 'java/lang/invoke/LambdaForm$DMH+0x000000000c094000'
Event: 2354.229 Thread 0x0000028b738f42e0 Unloading class 0x000000000c06cc00 'java/lang/invoke/LambdaForm$MH+0x000000000c06cc00'
Event: 2354.229 Thread 0x0000028b738f42e0 Unloading class 0x000000000c050c00 'java/lang/invoke/LambdaForm$BMH+0x000000000c050c00'
Event: 2354.229 Thread 0x0000028b738f42e0 Unloading class 0x000000000c042000 'java/lang/invoke/LambdaForm$MH+0x000000000c042000'
Event: 2354.229 Thread 0x0000028b738f42e0 Unloading class 0x000000000c041c00 'java/lang/invoke/LambdaForm$MH+0x000000000c041c00'
Event: 2354.229 Thread 0x0000028b738f42e0 Unloading class 0x000000000c041800 'java/lang/invoke/LambdaForm$MH+0x000000000c041800'
Event: 2354.229 Thread 0x0000028b738f42e0 Unloading class 0x000000000c041000 'java/lang/invoke/LambdaForm$MH+0x000000000c041000'

Classes redefined (0 events):
No events

Internal exceptions (20 events):
Event: 3143.135 Thread 0x0000028b78645460 Exception <a 'java/io/IOException'{0x00000000a5fd4e58}> (0x00000000a5fd4e58) 
thrown [s\open\src\hotspot\share\prims\jni.cpp, line 516]
Event: 3143.159 Thread 0x0000028b78645460 Exception <a 'java/io/IOException'{0x00000000a5fd5ac0}> (0x00000000a5fd5ac0) 
thrown [s\open\src\hotspot\share\prims\jni.cpp, line 516]
Event: 3352.474 Thread 0x0000028b78646bd0 Exception <a 'java/io/IOException'{0x00000000a5ed5968}> (0x00000000a5ed5968) 
thrown [s\open\src\hotspot\share\prims\jni.cpp, line 516]
Event: 3352.497 Thread 0x0000028b78646bd0 Exception <a 'java/io/IOException'{0x00000000a5ed65d0}> (0x00000000a5ed65d0) 
thrown [s\open\src\hotspot\share\prims\jni.cpp, line 516]
Event: 4635.788 Thread 0x0000028b78645c30 Exception <a 'java/io/IOException'{0x00000000a58e25a0}> (0x00000000a58e25a0) 
thrown [s\open\src\hotspot\share\prims\jni.cpp, line 516]
Event: 4635.808 Thread 0x0000028b78645c30 Exception <a 'java/io/IOException'{0x00000000a58e3208}> (0x00000000a58e3208) 
thrown [s\open\src\hotspot\share\prims\jni.cpp, line 516]
Event: 4889.615 Thread 0x0000028b7b5d2160 Exception <a 'java/io/IOException'{0x00000000a577b320}> (0x00000000a577b320) 
thrown [s\open\src\hotspot\share\prims\jni.cpp, line 516]
Event: 4889.637 Thread 0x0000028b7b5d2160 Exception <a 'java/io/IOException'{0x00000000a577bf88}> (0x00000000a577bf88) 
thrown [s\open\src\hotspot\share\prims\jni.cpp, line 516]
Event: 5388.551 Thread 0x0000028b7c554fa0 Implicit null exception at 0x0000028b677eacfe to 0x0000028b677eafc0
Event: 5389.545 Thread 0x0000028b7c554fa0 Implicit null exception at 0x0000028b677eacfe to 0x0000028b677eafc0
Event: 5390.547 Thread 0x0000028b7c556ee0 Implicit null exception at 0x0000028b677eacfe to 0x0000028b677eafc0
Event: 5391.540 Thread 0x0000028b7c556ee0 Implicit null exception at 0x0000028b677eacfe to 0x0000028b677eafc0
Event: 5878.520 Thread 0x0000028b78645460 Exception <a 'java/io/IOException'{0x00000000a838f960}> (0x00000000a838f960) 
thrown [s\open\src\hotspot\share\prims\jni.cpp, line 516]
Event: 5878.543 Thread 0x0000028b78645460 Exception <a 'java/io/IOException'{0x00000000a83908d0}> (0x00000000a83908d0) 
thrown [s\open\src\hotspot\share\prims\jni.cpp, line 516]
Event: 6000.295 Thread 0x0000028b78646bd0 Exception <a 'java/io/IOException'{0x00000000a66dacc0}> (0x00000000a66dacc0) 
thrown [s\open\src\hotspot\share\prims\jni.cpp, line 516]
Event: 6000.310 Thread 0x0000028b78646bd0 Exception <a 'java/io/IOException'{0x00000000a66db928}> (0x00000000a66db928) 
thrown [s\open\src\hotspot\share\prims\jni.cpp, line 516]
Event: 6088.290 Thread 0x0000028b78645460 Exception <a 'java/io/IOException'{0x00000000a655e4f0}> (0x00000000a655e4f0) 
thrown [s\open\src\hotspot\share\prims\jni.cpp, line 516]
Event: 6088.308 Thread 0x0000028b78645460 Exception <a 'java/io/IOException'{0x00000000a655f158}> (0x00000000a655f158) 
thrown [s\open\src\hotspot\share\prims\jni.cpp, line 516]
Event: 6337.006 Thread 0x0000028b78645460 Exception <a 'java/io/IOException'{0x00000000a64c66f0}> (0x00000000a64c66f0) 
thrown [s\open\src\hotspot\share\prims\jni.cpp, line 516]
Event: 6337.028 Thread 0x0000028b78645460 Exception <a 'java/io/IOException'{0x00000000a64c7358}> (0x00000000a64c7358) 
thrown [s\open\src\hotspot\share\prims\jni.cpp, line 516]

VM Operations (20 events):
Event: 4510.511 Executing non-safepoint VM operation: RendezvousGCThreads
Event: 4510.511 Executing non-safepoint VM operation: RendezvousGCThreads done
Event: 4931.440 Executing non-safepoint VM operation: HandshakeAllThreads (HandshakeForDeflation)
Event: 4931.442 Executing non-safepoint VM operation: HandshakeAllThreads (HandshakeForDeflation) done
Event: 4931.442 Executing non-safepoint VM operation: RendezvousGCThreads
Event: 4931.442 Executing non-safepoint VM operation: RendezvousGCThreads done
Event: 5459.439 Executing safepoint VM operation: G1CollectForAllocation (G1 Evacuation Pause)
Event: 5459.563 Executing safepoint VM operation: G1CollectForAllocation (G1 Evacuation Pause) done
Event: 5472.803 Executing non-safepoint VM operation: HandshakeAllThreads (HandshakeForDeflation)
Event: 5472.803 Executing non-safepoint VM operation: HandshakeAllThreads (HandshakeForDeflation) done
Event: 5472.803 Executing non-safepoint VM operation: RendezvousGCThreads
Event: 5472.803 Executing non-safepoint VM operation: RendezvousGCThreads done
Event: 5773.670 Executing non-safepoint VM operation: HandshakeAllThreads (HandshakeForDeflation)
Event: 5773.670 Executing non-safepoint VM operation: HandshakeAllThreads (HandshakeForDeflation) done
Event: 5773.670 Executing non-safepoint VM operation: RendezvousGCThreads
Event: 5773.671 Executing non-safepoint VM operation: RendezvousGCThreads done
Event: 5954.280 Executing non-safepoint VM operation: HandshakeAllThreads (HandshakeForDeflation)
Event: 5954.282 Executing non-safepoint VM operation: HandshakeAllThreads (HandshakeForDeflation) done
Event: 5954.282 Executing non-safepoint VM operation: RendezvousGCThreads
Event: 5954.282 Executing non-safepoint VM operation: RendezvousGCThreads done

Memory protections (0 events):
No events

Nmethod flushes (20 events):
Event: 2354.619 Thread 0x0000028b738f42e0 flushing  nmethod 0x0000028b5fa26608
Event: 2354.619 Thread 0x0000028b738f42e0 flushing  nmethod 0x0000028b5fa27908
Event: 2354.619 Thread 0x0000028b738f42e0 flushing  nmethod 0x0000028b5fa28388
Event: 2354.619 Thread 0x0000028b738f42e0 flushing  nmethod 0x0000028b5fb90288
Event: 2354.619 Thread 0x0000028b738f42e0 flushing  nmethod 0x0000028b5fb90b88
Event: 2354.619 Thread 0x0000028b738f42e0 flushing  nmethod 0x0000028b5fe8a008
Event: 2354.619 Thread 0x0000028b738f42e0 flushing  nmethod 0x0000028b5fe8aa88
Event: 2354.619 Thread 0x0000028b738f42e0 flushing  nmethod 0x0000028b5feb5388
Event: 2354.619 Thread 0x0000028b738f42e0 flushing  nmethod 0x0000028b5feb7508
Event: 2354.619 Thread 0x0000028b738f42e0 flushing  nmethod 0x0000028b5fec4808
Event: 2354.620 Thread 0x0000028b738f42e0 flushing  nmethod 0x0000028b5ff5d488
Event: 2354.620 Thread 0x0000028b738f42e0 flushing  nmethod 0x0000028b60145b08
Event: 2354.620 Thread 0x0000028b738f42e0 flushing  nmethod 0x0000028b60353808
Event: 2354.620 Thread 0x0000028b738f42e0 flushing  nmethod 0x0000028b60353e88
Event: 2354.620 Thread 0x0000028b738f42e0 flushing  nmethod 0x0000028b60356508
Event: 2354.620 Thread 0x0000028b738f42e0 flushing  nmethod 0x0000028b60356808
Event: 2354.620 Thread 0x0000028b738f42e0 flushing  nmethod 0x0000028b6035fa88
Event: 2354.620 Thread 0x0000028b738f42e0 flushing  nmethod 0x0000028b60362008
Event: 2354.620 Thread 0x0000028b738f42e0 flushing  nmethod 0x0000028b60385d08
Event: 2354.620 Thread 0x0000028b738f42e0 flushing  nmethod 0x0000028b603a7808

Events (20 events):
Event: 6268.840 Thread 0x0000028b7b5d3100 Thread added: 0x0000028b78645460
Event: 6268.845 Thread 0x0000028b78645460 Thread added: 0x0000028b78645c30
Event: 6273.850 Thread 0x0000028b78645460 Thread exited: 0x0000028b78645460
Event: 6273.930 Thread 0x0000028b78645c30 Thread exited: 0x0000028b78645c30
Event: 6336.922 Thread 0x0000028b7b5d3100 Thread added: 0x0000028b78645460
Event: 6337.051 Thread 0x0000028b78645460 Thread added: 0x0000028b78646bd0
Event: 6342.078 Thread 0x0000028b78645460 Thread exited: 0x0000028b78645460
Event: 6342.556 Thread 0x0000028b78646bd0 Thread exited: 0x0000028b78646bd0
Event: 6375.750 Thread 0x0000028b7b5d3100 Thread added: 0x0000028b78645460
Event: 6377.159 Thread 0x0000028b78645460 Thread added: 0x0000028b78646bd0
Event: 6382.167 Thread 0x0000028b78645460 Thread exited: 0x0000028b78645460
Event: 6382.524 Thread 0x0000028b7b5d3100 Thread added: 0x0000028b78645c30
Event: 6387.549 Thread 0x0000028b78645c30 Thread exited: 0x0000028b78645c30
Event: 6387.645 Thread 0x0000028b78646bd0 Thread exited: 0x0000028b78646bd0
Event: 6427.374 Thread 0x0000028b7b5d3100 Thread added: 0x0000028b78645460
Event: 6427.393 Thread 0x0000028b78645460 Thread added: 0x0000028b78646bd0
Event: 6432.403 Thread 0x0000028b78645460 Thread exited: 0x0000028b78645460
Event: 6432.496 Thread 0x0000028b78646bd0 Thread exited: 0x0000028b78646bd0
Event: 17340.649 Thread 0x0000028b7b5d3100 Thread added: 0x0000028b78645c30
Event: 17340.800 Thread 0x0000028b78645c30 Thread added: 0x0000028b786473a0


Dynamic libraries:
0x00007ff6a5a70000 - 0x00007ff6a5a80000 	C:\Program Files\Java\jdk-25\bin\java.exe
0x00007ffb7e4a0000 - 0x00007ffb7e707000 	C:\WINDOWS\SYSTEM32\ntdll.dll
0x00007ffb7d4a0000 - 0x00007ffb7d569000 	C:\WINDOWS\System32\KERNEL32.DLL
0x00007ffb7b770000 - 0x00007ffb7bb5f000 	C:\WINDOWS\System32\KERNELBASE.dll
0x00007ffb7c0f0000 - 0x00007ffb7c23b000 	C:\WINDOWS\System32\ucrtbase.dll
0x00007ffb54a80000 - 0x00007ffb54a97000 	C:\Program Files\Java\jdk-25\bin\jli.dll
0x00007ffb68ab0000 - 0x00007ffb68ace000 	C:\Program Files\Java\jdk-25\bin\VCRUNTIME140.dll
0x00007ffb7d570000 - 0x00007ffb7d735000 	C:\WINDOWS\System32\USER32.dll
0x00007ffb7bb70000 - 0x00007ffb7bb97000 	C:\WINDOWS\System32\win32u.dll
0x00007ffb7e2f0000 - 0x00007ffb7e31b000 	C:\WINDOWS\System32\GDI32.dll
0x00007ffb5c7e0000 - 0x00007ffb5ca73000 	C:\WINDOWS\WinSxS\amd64_microsoft.windows.common-controls_6595b64144ccf1df_6.0.26100.7309_none_3e05feeae336a044\COMCTL32.dll
0x00007ffb7bba0000 - 0x00007ffb7bccc000 	C:\WINDOWS\System32\gdi32full.dll
0x00007ffb7c9f0000 - 0x00007ffb7ca99000 	C:\WINDOWS\System32\msvcrt.dll
0x00007ffb7bcd0000 - 0x00007ffb7bd73000 	C:\WINDOWS\System32\msvcp_win.dll
0x00007ffb7e420000 - 0x00007ffb7e451000 	C:\WINDOWS\System32\IMM32.DLL
0x00007ffb54a70000 - 0x00007ffb54a7c000 	C:\Program Files\Java\jdk-25\bin\vcruntime140_1.dll
0x00007ffb12460000 - 0x00007ffb124ed000 	C:\Program Files\Java\jdk-25\bin\msvcp140.dll
0x00007ffa980b0000 - 0x00007ffa98f0f000 	C:\Program Files\Java\jdk-25\bin\server\jvm.dll
0x00007ffb7d740000 - 0x00007ffb7d7f4000 	C:\WINDOWS\System32\ADVAPI32.dll
0x00007ffb7cd10000 - 0x00007ffb7cdb6000 	C:\WINDOWS\System32\sechost.dll
0x00007ffb7cf10000 - 0x00007ffb7d028000 	C:\WINDOWS\System32\RPCRT4.dll
0x00007ffb7cc40000 - 0x00007ffb7ccb4000 	C:\WINDOWS\System32\WS2_32.dll
0x00007ffb7b470000 - 0x00007ffb7b4ce000 	C:\WINDOWS\SYSTEM32\POWRPROF.dll
0x00007ffb74680000 - 0x00007ffb7468b000 	C:\WINDOWS\SYSTEM32\VERSION.dll
0x00007ffb71620000 - 0x00007ffb71655000 	C:\WINDOWS\SYSTEM32\WINMM.dll
0x00007ffb7b450000 - 0x00007ffb7b464000 	C:\WINDOWS\SYSTEM32\UMPDC.dll
0x00007ffb7a3a0000 - 0x00007ffb7a3bb000 	C:\WINDOWS\SYSTEM32\kernel.appcore.dll
0x00007ffb54a60000 - 0x00007ffb54a6a000 	C:\Program Files\Java\jdk-25\bin\jimage.dll
0x00007ffb78f60000 - 0x00007ffb791a2000 	C:\WINDOWS\SYSTEM32\DBGHELP.DLL
0x00007ffb7d030000 - 0x00007ffb7d3b6000 	C:\WINDOWS\System32\combase.dll
0x00007ffb7d3c0000 - 0x00007ffb7d496000 	C:\WINDOWS\System32\OLEAUT32.dll
0x00007ffb66ac0000 - 0x00007ffb66afc000 	C:\WINDOWS\SYSTEM32\dbgcore.DLL
0x00007ffb7bef0000 - 0x00007ffb7bf95000 	C:\WINDOWS\System32\bcryptPrimitives.dll
0x00007ffb26420000 - 0x00007ffb26430000 	C:\Program Files\Java\jdk-25\bin\instrument.dll
0x00007ffb25b20000 - 0x00007ffb25b3f000 	C:\Program Files\Java\jdk-25\bin\java.dll
0x00007ffb7caa0000 - 0x00007ffb7cc37000 	C:\WINDOWS\System32\ole32.dll
0x00007ffb7db90000 - 0x00007ffb7e2e3000 	C:\WINDOWS\System32\SHELL32.dll
0x00007ffb7bd80000 - 0x00007ffb7beea000 	C:\WINDOWS\System32\wintypes.dll
0x00007ffb791e0000 - 0x00007ffb79a3e000 	C:\WINDOWS\SYSTEM32\windows.storage.dll
0x00007ffb7e320000 - 0x00007ffb7e415000 	C:\WINDOWS\System32\SHCORE.dll
0x00007ffb7d920000 - 0x00007ffb7d986000 	C:\WINDOWS\System32\shlwapi.dll
0x00007ffb7b510000 - 0x00007ffb7b539000 	C:\WINDOWS\SYSTEM32\profapi.dll
0x00007ffb1ed30000 - 0x00007ffb1ed47000 	C:\Program Files\Java\jdk-25\bin\zip.dll
0x00007ffb21130000 - 0x00007ffb21142000 	C:\Program Files\Java\jdk-25\bin\net.dll
0x00007ffb7a910000 - 0x00007ffb7a97b000 	C:\WINDOWS\system32\mswsock.dll
0x00007ffb1fe50000 - 0x00007ffb1fe66000 	C:\Program Files\Java\jdk-25\bin\nio.dll
0x00007ffb227c0000 - 0x00007ffb227c9000 	C:\Program Files\Java\jdk-25\bin\extnet.dll
0x00007ffb25c30000 - 0x00007ffb25c3e000 	C:\Program Files\Java\jdk-25\bin\sunmscapi.dll
0x00007ffb7b5f0000 - 0x00007ffb7b767000 	C:\WINDOWS\System32\CRYPT32.dll
0x00007ffb7adf0000 - 0x00007ffb7ae20000 	C:\WINDOWS\SYSTEM32\ncrypt.dll
0x00007ffb7ada0000 - 0x00007ffb7addf000 	C:\WINDOWS\SYSTEM32\NTASN1.dll
0x00007ffb7abe0000 - 0x00007ffb7abfb000 	C:\WINDOWS\SYSTEM32\CRYPTSP.dll
0x00007ffb7a300000 - 0x00007ffb7a33a000 	C:\WINDOWS\system32\rsaenh.dll
0x00007ffb7a9c0000 - 0x00007ffb7a9eb000 	C:\WINDOWS\SYSTEM32\USERENV.dll
0x00007ffb7b4e0000 - 0x00007ffb7b50a000 	C:\WINDOWS\SYSTEM32\bcrypt.dll
0x00007ffb7abd0000 - 0x00007ffb7abdc000 	C:\WINDOWS\SYSTEM32\CRYPTBASE.dll
0x00007ffb79d50000 - 0x00007ffb79d84000 	C:\WINDOWS\SYSTEM32\IPHLPAPI.DLL
0x00007ffb7c550000 - 0x00007ffb7c55a000 	C:\WINDOWS\System32\NSI.dll
0x00007ffb226c0000 - 0x00007ffb226ca000 	C:\Program Files\Java\jdk-25\bin\management.dll
0x00007ffb21c10000 - 0x00007ffb21c1c000 	C:\Program Files\Java\jdk-25\bin\management_ext.dll
0x00007ffb7d800000 - 0x00007ffb7d808000 	C:\WINDOWS\System32\PSAPI.DLL
0x00007ffb79e40000 - 0x00007ffb79f6c000 	C:\WINDOWS\SYSTEM32\DNSAPI.dll
0x00007ffb74670000 - 0x00007ffb7467b000 	C:\Windows\System32\rasadhlp.dll
0x00007ffb6f0a0000 - 0x00007ffb6f126000 	C:\WINDOWS\System32\fwpuclnt.dll
0x00007ffaff170000 - 0x00007ffaff178000 	C:\WINDOWS\system32\wshunix.dll

JVMTI agents:
C:\Program Files\JetBrains\IntelliJ IDEA 2025.3.1.1\lib\idea_rt.jar path:C:\Program Files\Java\jdk-25\bin\instrument.dll, loaded, initialized, instrumentlib options:58269

dbghelp: loaded successfully - version: 4.0.5 - missing functions: none
symbol engine: initialized successfully - sym options: 0x614 - pdb path: .;C:\Program Files\Java\jdk-25\bin;C:\WINDOWS\SYSTEM32;C:\WINDOWS\WinSxS\amd64_microsoft.windows.common-controls_6595b64144ccf1df_6.0.26100.7309_none_3e05feeae336a044;C:\Program Files\Java\jdk-25\bin\server

VM Arguments:
jvm_args: -javaagent:C:\Program Files\JetBrains\IntelliJ IDEA 2025.3.1.1\lib\idea_rt.jar=58269 -Dfile.encoding=UTF-8 -Dsun.stdout.encoding=UTF-8 -Dsun.stderr.encoding=UTF-8 
java_command: com.akash.auth.AuthAppBackendApplication
java_class_path (initial): D:\2026\Test\auth_app\auth-app-backend\target\classes;C:\Users\akash\.m2\repository\org\springframework\boot\spring-boot-starter-data-jpa\3.5.7\spring-boot-starter-data-jpa-3.5.7.jar;C:\Users\akash\.m2\repository\org\springframework\boot\spring-boot-starter\3.5.7\spring-boot-starter-3.5.7.jar;C:\Users\akash\.m2\repository\org\springframework\boot\spring-boot\3.5.7\spring-boot-3.5.7.jar;C:\Users\akash\.m2\repository\org\springframework\boot\spring-boot-autoconfigure\3.5.7\spring-boot-autoconfigure-3.5.7.jar;C:\Users\akash\.m2\repository\org\springframework\boot\spring-boot-starter-logging\3.5.7\spring-boot-starter-logging-3.5.7.jar;C:\Users\akash\.m2\repository\ch\qos\logback\logback-classic\1.5.20\logback-classic-1.5.20.jar;C:\Users\akash\.m2\repository\ch\qos\logback\logback-core\1.5.20\logback-core-1.5.20.jar;C:\Users\akash\.m2\repository\org\apache\logging\log4j\log4j-to-slf4j\2.24.3\log4j-to-slf4j-2.24.3.jar;C:\Users\akash\.m2\repository\org\apache\logging\log4j\log4j-api\2.24.3\log4j-api-2.24.3.jar;C:\Users\akash\.m2\repository\org\slf4j\jul-to-slf4j\2.0.17\jul-to-slf4j-2.0.17.jar;C:\Users\akash\.m2\repository\jakarta\annotation\jakarta.annotation-api\2.1.1\jakarta.annotation-api-2.1.1.jar;C:\Users\akash\.m2\repository\org\yaml\snakeyaml\2.4\snakeyaml-2.4.jar;C:\Users\akash\.m2\repository\org\springframework\boot\spring-boot-starter-jdbc\3.5.7\spring-boot-starter-jdbc-3.5.7.jar;C:\Users\akash\.m2\repository\com\zaxxer\HikariCP\6.3.3\HikariCP-6.3.3.jar;C:\Users\akash\.m2\repository\org\springframework\spring-jdbc\6.2.12\spring-jdbc-6.2.12.jar;C:\Users\akash\.m2\repository\org\hibernate\orm\hibernate-core\6.6.33.Final\hibernate-core-6.6.33.Final.jar;C:\Users\akash\.m2\repository\jakarta\persistence\jakarta.persistence-api\3.1.0\jakarta.persistence-api-3.1.0.jar;C:\Users\akash\.m2\repository\jakarta\transaction\jakarta.transaction-api\2.0.1\jakarta.transaction-api-2.0.1.jar;C:\Users\akash\.m2\repository\org\jboss\logging\jboss-logging\3.6.1.Final\jboss-logging-3.6.1.Final.jar;C:\Users\akash\.m2\repository\org\hibernate\common\hibernate-commons-annotations\7.0.3.Final\hibernate-commons-annotations-7.0.3.Final.jar;C:\Users\akash\.m2\repository\io\smallrye\jandex\3.2.0\jandex-3.2.0.jar;C:\Users\akash\.m2\repository\com\fasterxml\classmate\1.7.1\classmate-1.7.1.jar;C:\Users\akash\.m2\repository\net\bytebuddy\byte-buddy\1.17.8\byte-buddy-1.17.8.jar;C:\Users\akash\.m2\repository\org\glassfish\jaxb\jaxb-runtime\4.0.6\jaxb-runtime-4.0.6.jar;C:\Users\akash\.m2\repository\org\glassfish\jaxb\jaxb-core\4.0.6\jaxb-core-4.0.6.jar;C:\Users\akash\.m2\repository\org\eclipse\angus\angus-activation\2.0.3\angus-activation-2.0.3.jar;C:\Users\akash\.m2\repository\org\glassfish\jaxb\txw2\4.0.6\txw2-4.0.6.jar;C:\Users\akash\.m2\repository\com\sun\istack\istack-commons-runtime\4.1.2\istack-commons-runtime-4.1.2.jar;C:\Users\akash\.m2\repository\jakarta\inject\jakarta.inject-api\2.0.1\jakarta.inject-api-2.0.1.jar;C:\Users\akash\.m2\repository\org\antlr\antlr4-runtime\4.13.0\antlr4-runtime-4.13.0.jar;C:\Users\akash\.m2\repository\org\springframework\data\spring-data-jpa\3.5.5\spring-data-jpa-3.5.5.jar;C:\Users\akash\.m2\repository\org\springframework\data\spring-data-commons\3.5.5\spring-data-commons-3.5.5.jar;C:\Users\akash\.m2\repository\org\springframework\spring-orm\6.2.12\spring-orm-6.2.12.jar;C:\Users\akash\.m2\repository\org\springframework\spring-context\6.2.12\spring-context-6.2.12.jar;C:\Users\akash\.m2\repository\org\springframework\spring-tx\6.2.12\spring-tx-6.2.12.jar;C:\Users\akash\.m2\repository\org\springframework\spring-beans\6.2.12\spring-beans-6.2.12.jar;C:\Users\akash\.m2\repository\org\slf4j\slf4j-api\2.0.17\slf4j-api-2.0.17.jar;C:\Users\akash\.m2\repository\org\springframework\spring-aspects\6.2.12\spring-aspects-6.2.12.jar;C:\Users\akash\.m2\repository\org\aspectj\aspectjweaver\1.9.24\aspectjweaver-1.9.24.jar;C:\Users\akash\.m2\repository\org\springdoc\springdoc-openapi-starter-webmvc-ui\2.8.14\springdoc-openapi-starter-webmvc-ui-2.8.14.jar;C:\Users\akash\.m2\repository\org\springdoc\springdoc-openapi-starter-webmvc-api\2.8.14\springdoc-openapi-starter-webmvc-api-2.8.14.jar;C:\Users\akash\.m2\repository\org\springdoc\springdoc-openapi-starter-common\2.8.14\springdoc-openapi-starter-common-2.8.14.jar;C:\Users\akash\.m2\repository\io\swagger\core\v3\swagger-core-jakarta\2.2.38\swagger-core-jakarta-2.2.38.jar;C:\Users\akash\.m2\repository\org\apache\commons\commons-lang3\3.17.0\commons-lang3-3.17.0.jar;C:\Users\akash\.m2\repository\io\swagger\core\v3\swagger-annotations-jakarta\2.2.38\swagger-annotations-jakarta-2.2.38.jar;C:\Users\akash\.m2\repository\io\swagger\core\v3\swagger-models-jakarta\2.2.38\swagger-models-jakarta-2.2.38.jar;C:\Users\akash\.m2\repository\com\fasterxml\jackson\dataformat\jackson-dataformat-yaml\2.19.2\jackson-dataformat-yaml-2.19.2.jar;C:\Users\akash\.m2\repository\org\webjars\swagger-ui\5.30.1\swagger-ui-5.30.1.jar;C:\Users\akash\.m2\repository\org\webjars\webjars-locator-lite\1.1.2\webjars-locator-lite-1.1.2.jar;C:\Users\akash\.m2\repository\org\jspecify\jspecify\1.0.0\jspecify-1.0.0.jar;C:\Users\akash\.m2\repository\org\springframework\boot\spring-boot-starter-validation\3.5.7\spring-boot-starter-validation-3.5.7.jar;C:\Users\akash\.m2\repository\org\apache\tomcat\embed\tomcat-embed-el\10.1.48\tomcat-embed-el-10.1.48.jar;C:\Users\akash\.m2\repository\org\hibernate\validator\hibernate-validator\8.0.3.Final\hibernate-validator-8.0.3.Final.jar;C:\Users\akash\.m2\repository\jakarta\validation\jakarta.validation-api\3.0.2\jakarta.validation-api-3.0.2.jar;C:\Users\akash\.m2\repository\org\springframework\boot\spring-boot-starter-web\3.5.7\spring-boot-starter-web-3.5.7.jar;C:\Users\akash\.m2\repository\org\springframework\boot\spring-boot-starter-json\3.5.7\spring-boot-starter-json-3.5.7.jar;C:\Users\akash\.m2\repository\com\fasterxml\jackson\datatype\jackson-datatype-jdk8\2.19.2\jackson-datatype-jdk8-2.19.2.jar;C:\Users\akash\.m2\repository\com\fasterxml\jackson\datatype\jackson-datatype-jsr310\2.19.2\jackson-datatype-jsr310-2.19.2.jar;C:\Users\akash\.m2\repository\com\fasterxml\jackson\module\jackson-module-parameter-names\2.19.2\jackson-module-parameter-names-2.19.2.jar;C:\Users\akash\.m2\repository\org\springframework\boot\spring-boot-starter-tomcat\3.5.7\spring-boot-starter-tomcat-3.5.7.jar;C:\Users\akash\.m2\repository\org\apache\tomcat\embed\tomcat-embed-core\10.1.48\tomcat-embed-core-10.1.48.jar;C:\Users\akash\.m2\repository\org\apache\tomcat\embed\tomcat-embed-websocket\10.1.48\tomcat-embed-websocket-10.1.48.jar;C:\Users\akash\.m2\repository\org\springframework\spring-web\6.2.12\spring-web-6.2.12.jar;C:\Users\akash\.m2\repository\io\micrometer\micrometer-observation\1.15.5\micrometer-observation-1.15.5.jar;C:\Users\akash\.m2\repository\io\micrometer\micrometer-commons\1.15.5\micrometer-commons-1.15.5.jar;C:\Users\akash\.m2\repository\org\springframework\spring-webmvc\6.2.12\spring-webmvc-6.2.12.jar;C:\Users\akash\.m2\repository\org\springframework\spring-expression\6.2.12\spring-expression-6.2.12.jar;C:\Users\akash\.m2\repository\com\mysql\mysql-connector-j\9.4.0\mysql-connector-j-9.4.0.jar;C:\Users\akash\.m2\repository\org\springframework\boot\spring-boot-starter-security\3.5.7\spring-boot-starter-security-3.5.7.jar;C:\Users\akash\.m2\repository\org\springframework\spring-aop\6.2.12\spring-aop-6.2.12.jar;C:\Users\akash\.m2\repository\org\springframework\security\spring-security-config\6.5.6\spring-security-config-6.5.6.jar;C:\Users\akash\.m2\repository\org\springframework\security\spring-security-web\6.5.6\spring-security-web-6.5.6.jar;C:\Users\akash\.m2\repository\io\jsonwebtoken\jjwt-api\0.13.0\jjwt-api-0.13.0.jar;C:\Users\akash\.m2\repository\io\jsonwebtoken\jjwt-impl\0.13.0\jjwt-impl-0.13.0.jar;C:\Users\akash\.m2\repository\io\jsonwebtoken\jjwt-jackson\0.13.0\jjwt-jackson-0.13.0.jar;C:\Users\akash\.m2\repository\com\fasterxml\jackson\core\jackson-databind\2.19.2\jackson-databind-2.19.2.jar;C:\Users\akash\.m2\repository\com\fasterxml\jackson\core\jackson-annotations\2.19.2\jackson-annotations-2.19.2.jar;C:\Users\akash\.m2\repository\com\fasterxml\jackson\core\jackson-core\2.19.2\jackson-core-2.19.2.jar;C:\Users\akash\.m2\repository\org\springframework\boot\spring-boot-starter-oauth2-client\3.5.7\spring-boot-starter-oauth2-client-3.5.7.jar;C:\Users\akash\.m2\repository\org\springframework\security\spring-security-core\6.5.6\spring-security-core-6.5.6.jar;C:\Users\akash\.m2\repository\org\springframework\security\spring-security-crypto\6.5.6\spring-security-crypto-6.5.6.jar;C:\Users\akash\.m2\repository\org\springframework\security\spring-security-oauth2-client\6.5.6\spring-security-oauth2-client-6.5.6.jar;C:\Users\akash\.m2\repository\org\springframework\security\spring-security-oauth2-core\6.5.6\spring-security-oauth2-core-6.5.6.jar;C:\Users\akash\.m2\repository\com\nimbusds\oauth2-oidc-sdk\9.43.6\oauth2-oidc-sdk-9.43.6.jar;C:\Users\akash\.m2\repository\com\github\stephenc\jcip\jcip-annotations\1.0-1\jcip-annotations-1.0-1.jar;C:\Users\akash\.m2\repository\com\nimbusds\content-type\2.2\content-type-2.2.jar;C:\Users\akash\.m2\repository\com\nimbusds\lang-tag\1.7\lang-tag-1.7.jar;C:\Users\akash\.m2\repository\org\springframework\security\spring-security-oauth2-jose\6.5.6\spring-security-oauth2-jose-6.5.6.jar;C:\Users\akash\.m2\repository\com\nimbusds\nimbus-jose-jwt\9.37.4\nimbus-jose-jwt-9.37.4.jar;C:\Users\akash\.m2\repository\org\projectlombok\lombok\1.18.42\lombok-1.18.42.jar;C:\Users\akash\.m2\repository\jakarta\xml\bind\jakarta.xml.bind-api\4.0.4\jakarta.xml.bind-api-4.0.4.jar;C:\Users\akash\.m2\repository\jakarta\activation\jakarta.activation-api\2.1.4\jakarta.activation-api-2.1.4.jar;C:\Users\akash\.m2\repository\net\minidev\json-smart\2.5.2\json-smart-2.5.2.jar;C:\Users\akash\.m2\repository\net\minidev\accessors-smart\2.5.2\accessors-smart-2.5.2.jar;C:\Users\akash\.m2\repository\org\ow2\asm\asm\9.7.1\asm-9.7.1.jar;C:\Users\akash\.m2\repository\org\springframework\spring-core\6.2.12\spring-core-6.2.12.jar;C:\Users\akash\.m2\repository\org\springframework\spring-jcl\6.2.12\spring-jcl-6.2.12.jar
Launcher Type: SUN_STANDARD

[Global flags]
     intx CICompilerCount                          = 4                                         {product} {ergonomic}
     uint ConcGCThreads                            = 3                                         {product} {ergonomic}
     uint G1ConcRefinementThreads                  = 10                                        {product} {ergonomic}
   size_t G1HeapRegionSize                         = 1048576                                   {product} {ergonomic}
   size_t InitialHeapSize                          = 98566144                                  {product} {ergonomic}
   size_t MarkStackSize                            = 4194304                                   {product} {ergonomic}
   size_t MarkStackSizeMax                         = 536870912                                 {product} {ergonomic}
   size_t MaxHeapSize                              = 1570766848                                {product} {ergonomic}
   size_t MaxNewSize                               = 941621248                                 {product} {ergonomic}
   size_t MinHeapDeltaBytes                        = 1048576                                   {product} {ergonomic}
   size_t MinHeapSize                              = 8388608                                   {product} {ergonomic}
    uintx NonNMethodCodeHeapSize                   = 5832704                                {pd product} {ergonomic}
    uintx NonProfiledCodeHeapSize                  = 122945536                              {pd product} {ergonomic}
    uintx ProfiledCodeHeapSize                     = 122880000                              {pd product} {ergonomic}
    uintx ReservedCodeCacheSize                    = 251658240                              {pd product} {ergonomic}
     bool SegmentedCodeCache                       = true                                      {product} {ergonomic}
   size_t SoftMaxHeapSize                          = 1570766848                             {manageable} {ergonomic}
     bool UseCompressedOops                        = true                           {product lp64_product} {ergonomic}
     bool UseG1GC                                  = true                                      {product} {ergonomic}
     bool UseLargePagesIndividualAllocation        = false                                  {pd product} {ergonomic}

Logging:
Log output configuration:
 #0: stdout all=warning uptime,level,tags foldmultilines=false
 #1: stderr all=off uptime,level,tags foldmultilines=false

Release file:
IMPLEMENTOR="Oracle Corporation" 
JAVA_RUNTIME_VERSION="25.0.1+8-LTS-27" 
JAVA_VERSION="25.0.1" 
JAVA_VERSION_DATE="2025-10-21" 
LIBC="default" 
MODULES="java.base java.compiler java.datatransfer java.xml java.prefs java.desktop java.instrument java.logging java.management java.security.sasl java.naming java.rmi java.management.rmi java.net.http java.scripting java.security.jgss java.transaction.xa java.sql java.sql.rowset java.xml.crypto java.se java.smartcardio jdk.accessibility jdk.internal.jvmstat jdk.attach jdk.charsets jdk.internal.opt jdk.zipfs jdk.compiler jdk.crypto.cryptoki jdk.crypto.ec jdk.crypto.mscapi jdk.dynalink jdk.internal.ed jdk.editpad jdk.internal.vm.ci jdk.graal.compiler jdk.graal.compiler.management jdk.hotspot.agent jdk.httpserver jdk.incubator.vector jdk.internal.le jdk.internal.md jdk.jartool jdk.javadoc jdk.jcmd jdk.management jdk.management.agent jdk.jconsole jdk.jdeps jdk.jdwp.agent jdk.jdi jdk.jfr jdk.jlink jdk.jpackage jdk.jshell jdk.jsobject jdk.jstatd jdk.localedata jdk.management.jfr jdk.naming.dns jdk.naming.rmi jdk.net jdk.nio.mapmode jdk.sctp jdk.security.auth jdk.security.jgss jdk.unsupported jdk.unsupported.desktop jdk.xml.dom" 
OS_ARCH="x86_64" 
OS_NAME="Windows" 
SOURCE=".:git:862c85bc42b7 open:git:78770bfaefd2" 

Environment Variables:
PATH=C:\Program Files\Python314\Scripts\;C:\Program Files\Python314\;C:\app\akash\product\11.1.0\db_1\bin;C:\Program Files\Common Files\Oracle\Java\javapath;C:\WINDOWS\system32;C:\WINDOWS;C:\WINDOWS\System32\Wbem;C:\WINDOWS\System32\WindowsPowerShell\v1.0\;C:\WINDOWS\System32\OpenSSH\;C:\Program Files\Java\jdk-25;C:\Program Files\nodejs\;C:\Program Files\Docker\Docker\resources\bin;C:\Program Files\Git\cmd;C:\Program Files\MySQL\MySQL Server 8.0\bin;C:\Program Files\MongoDB\Server\8.2\bin;C:\Users\akash\AppData\Local\Programs\Python\Launcher\;C:\Program Files\MySQL\MySQL Shell 8.0\bin\;C:\Users\akash\AppData\Local\Microsoft\WindowsApps;C:\Users\akash\AppData\Local\Programs\Microsoft VS Code\bin;C:\Users\akash\AppData\Roaming\npm;C:\Program Files\mongosh\
USERNAME=akash
OS=Windows_NT
PROCESSOR_IDENTIFIER=AMD64 Family 23 Model 104 Stepping 1, AuthenticAMD
TMP=C:\Users\akash\AppData\Local\Temp
TEMP=C:\Users\akash\AppData\Local\Temp




Compilation memory statistics disabled.

Periodic native trim disabled

---------------  S Y S T E M  ---------------

OS:
 Windows 11 , 64 bit Build 26100 (10.0.26100.7623)
OS uptime: 1 days 11:40 hours
Hyper-V role detected

CPU: total 12 (initial active 12) (12 cores per cpu, 2 threads per core) family 23 model 104 stepping 1 microcode 0x8608109, cx8, cmov, fxsr, ht, mmx, 3dnowpref, sse, sse2, sse3, ssse3, sse4a, sse4.1, sse4.2, popcnt, lzcnt, tsc, tscinvbit, avx, avx2, aes, clmul, bmi1, bmi2, adx, sha, fma, vzeroupper, clflush, clflushopt, clwb, hv, rdtscp, rdpid, f16c
Processor Information for the first 12 processors :
  Max Mhz: 2100, Current Mhz: 2100, Mhz Limit: 2100

Memory: 4k page, system-wide physical 5989M (511M free)
TotalPageFile size 24421M (AvailPageFile size 3M)
current process WorkingSet (physical memory assigned to process): 52M, peak: 284M
current process commit charge ("private bytes"): 323M, peak: 340M

vm_info: Java HotSpot(TM) 64-Bit Server VM (25.0.1+8-LTS-27) for windows-amd64 JRE (25.0.1+8-LTS-27), built on 2025-09-25T16:41:16Z with unknown MS VC++:1943

END.
